D2_QWEN7B_S0_DONE Tue Aug 11 18:09:52 UTC 2026
D2_QWEN7B_S1_DONE Tue Aug 11 18:20:23 UTC 2026
D2_QWEN7B_S2_DONE Tue Aug 11 18:31:08 UTC 2026
D2_QWEN7B_S3_DONE Tue Aug 11 18:42:19 UTC 2026
D2_QWEN7B_S4_DONE Tue Aug 11 18:53:23 UTC 2026
D2_LLAMA_S1_DONE Tue Aug 11 19:17:20 UTC 2026
D2_LLAMA_S2_DONE Tue Aug 11 19:40:08 UTC 2026
D2_LLAMA_S3_DONE Tue Aug 11 20:03:30 UTC 2026
D2_LLAMA_S4_DONE Tue Aug 11 20:28:13 UTC 2026
D2_MISTRAL_S1_DONE Tue Aug 11 20:42:59 UTC 2026
D2_MISTRAL_S2_DONE Tue Aug 11 20:56:58 UTC 2026
D2_MISTRAL_S3_DONE Tue Aug 11 21:11:04 UTC 2026
D2_MISTRAL_S4_DONE Tue Aug 11 21:24:57 UTC 2026
D2_QWEN15B_S1_DONE Tue Aug 11 21:35:10 UTC 2026
D2_QWEN15B_S2_DONE Tue Aug 11 21:45:40 UTC 2026
D2_QWEN15B_S3_DONE Tue Aug 11 21:56:27 UTC 2026
D2_QWEN15B_S4_DONE Tue Aug 11 22:07:10 UTC 2026
D2_DONE Tue Aug 11 22:07:10 UTC 2026
D3_LLAMA_V2MOD_S0_DONE Tue Aug 11 23:16:21 UTC 2026
D3_LLAMA_NAIVE_S0_DONE Wed Aug 12 00:10:34 UTC 2026
D3_LLAMA_V2MOD_S1_DONE Wed Aug 12 01:15:12 UTC 2026
D3_LLAMA_NAIVE_S1_DONE Wed Aug 12 02:08:51 UTC 2026
D3_MISTRAL_V2MOD_S0_DONE Wed Aug 12 03:02:26 UTC 2026
D3_MISTRAL_NAIVE_S0_DONE Wed Aug 12 03:58:17 UTC 2026
D3_MISTRAL_V2MOD_S1_DONE Wed Aug 12 04:48:04 UTC 2026
D3_MISTRAL_NAIVE_S1_DONE Wed Aug 12 05:45:42 UTC 2026
D3_QWEN15B_V2MOD_S0_DONE Wed Aug 12 06:15:15 UTC 2026
D3_QWEN15B_NAIVE_S0_DONE Wed Aug 12 06:55:55 UTC 2026
D3_QWEN15B_V2MOD_S1_DONE Wed Aug 12 07:25:20 UTC 2026
D3_QWEN15B_NAIVE_S1_DONE Wed Aug 12 08:02:50 UTC 2026
D3_DONE Wed Aug 12 08:02:50 UTC 2026
D4_QWEN7B_EWC_S0_DONE Wed Aug 12 08:52:54 UTC 2026
D4_QWEN7B_EWC_S1_DONE Wed Aug 12 09:42:07 UTC 2026
D4_LLAMA_EWC_S0_DONE Wed Aug 12 10:37:17 UTC 2026
D4_LLAMA_EWC_S1_DONE Wed Aug 12 11:32:57 UTC 2026
D4_DONE Wed Aug 12 11:32:57 UTC 2026
PHASE_D_ALL_DONE Wed Aug 12 11:32:57 UTC 2026
